[ 'a', 'b', 'c' ]
3
[]
0
[ 'z', 'a', 'm' ]
x 10
y 20
[THREAD ERROR] Runtime Error: KEYS() argument must be an object
[THREAD ERROR] Runtime Error: KEYS() argument must be an object
[THREAD ERROR] Runtime Error: KEYS() argument must be an object
false
false
false
Runtime Error: KEYS() argument must be an object
